PASS    POST   /api/auth/login                                         status=200  expected=200          POST /api/auth/login
PASS    GET    /api/auth/me                                            status=200  expected=200          GET /api/auth/me
PASS    GET    /api/locations                                          status=200  expected=200          GET /api/locations
PASS    GET    /api/buildings                                          status=200  expected=200          GET /api/buildings
PASS    GET    /api/buildings?locationId=3                             status=200  expected=200          GET /api/buildings?locationId=3
PASS    GET    /api/room-types                                         status=200  expected=200          GET /api/room-types
PASS    GET    /api/time-zones                                         status=200  expected=200          GET /api/time-zones
PASS    GET    /api/employees                                          status=200  expected=200          GET /api/employees
PASS    GET    /api/employees?locationId=3&title=Manager               status=200  expected=200          GET /api/employees?locationId=3&title=Manager
PASS    GET    /api/rooms                                              status=200  expected=200          GET /api/rooms
PASS    GET    /api/rooms/103                                          status=200  expected=200          GET /api/rooms/{roomId}
PASS    GET    /api/rooms/103/availability?startUtc=2026-07-01T13:00:00Z&endUtc=2026-07-01T14:30:00Z status=200  expected=200          GET /api/rooms/{roomId}/availability
PASS    GET    /api/assignments                                        status=200  expected=200          GET /api/assignments
FAIL    GET    /api/assignments/2001                                   status=404  expected=200          GET /api/assignments/{assignmentId}
PASS    GET    /api/room-assignments                                   status=200  expected=200          GET /api/room-assignments
PASS    GET    /api/assignments/2001/room-assignments                  status=200  expected=200          GET /api/assignments/{assignmentId}/room-assignments
PASS    GET    /api/assignments/2001/video-reservations                status=200  expected=200          GET /api/assignments/{assignmentId}/video-reservations
FAIL    GET    /api/video-reservations/1                               status=404  expected=200          GET /api/video-reservations/{videoReservationId}
PASS    GET    /api/notifications                                      status=200  expected=200          GET /api/notifications
PASS    GET    /api/audit-logs                                         status=200  expected=200          GET /api/audit-logs
FAIL    POST   /api/rooms                                              status=500  expected=200          POST /api/rooms
FAIL    PUT    /api/rooms/103                                          status=500  expected=200          PUT /api/rooms/{roomId}
FAIL    DELETE /api/rooms/103                                          status=500  expected=200          DELETE /api/rooms/{roomId}
FAIL    POST   /api/assignments                                        status=500  expected=200          POST /api/assignments
FAIL    PUT    /api/assignments/2001                                   status=404  expected=200          PUT /api/assignments/{assignmentId}
FAIL    POST   /api/assignments/2001/room-assignments                  status=500  expected=200          POST /api/assignments/{assignmentId}/room-assignments
FAIL    PUT    /api/room-assignments/2001                              status=500  expected=200          PUT /api/room-assignments/{meetingAssignmentId}
FAIL    DELETE /api/assignments/2001/room-assignments/2001             status=404  expected=200          DELETE /api/assignments/{assignmentId}/room-assignments/{meetingAssignmentId}
FAIL    POST   /api/assignments/2001/video-reservations                status=404  expected=200          POST /api/assignments/{assignmentId}/video-reservations
FAIL    PUT    /api/video-reservations/1                               status=404  expected=200          PUT /api/video-reservations/{videoReservationId}
FAIL    DELETE /api/video-reservations/1                               status=404  expected=200          DELETE /api/video-reservations/{videoReservationId}
FAIL    POST   /api/assignments/2001/cancel                            status=404  expected=200          POST /api/assignments/{assignmentId}/cancel
FAIL    POST   /api/assignments/2001/override                          status=404  expected=200          POST /api/assignments/{assignmentId}/override
